
> minikanbanplus@0.1.0 build
> next build

   Ôû▓ Next.js 15.5.14

   Creating an optimized production build ...
 Ô£ô Compiled successfully in 2.5s
   Linting and checking validity of types ...
node.exe : Failed to 
compile.
At line:1 char:1
+ & "C:\Program 
Files\nodejs/node.exe" 
"C:\Program 
Files\nodejs/node_mo ...
+ ~~~~~~~~~~~~~~~~~~~~~~~~~
~~~~~~~~~~~~~~~~~~~~~~~~~~~
~~~~~~~~~~~~~~~~~
    + CategoryInfo         
     : NotSpecified: (Fai  
  led to compile.:String   
 ) [], RemoteException
    + FullyQualifiedErrorI 
   d : NativeCommandError
 

./componentes/tab-proyectos
.tsx:7:8
Type error: Module 
'"@/tipos/tareas"' has no 
exported member 
'FrecuenciaTarea'.

[0m [90m  5 |[39m   
type [33mProyecto[39m[33
m,[39m 
 [90m  6 |[39m   type [3
3mTareaPeriodica[39m[33m,
[39m
[31m[1m>[22m[39m[90m  
7 |[39m   type [33mFrecue
nciaTarea[39m[33m,[39m
 [90m    |[39m        
[31m[1m^[22m[39m
 [90m  8 |[39m   type [3
3mTipoTarea[39m[33m,[39m
 [90m  9 |[39m   type [3
3mPrioridadTarea[39m[33m,
[39m
 [90m 10 |[39m   type [3
3mComplejidadTarea[39m[33
m,[39m[0m
Next.js build worker 
exited with code: 1 and 
signal: null
